// Jest Snapshot v1, https://goo.gl/fbAQLP

exports[`renders landing page 1`] = `
<DocumentFragment>
  <header
    class="hero"
  >
    <svg
      class="hero_logo"
    >
      manual-logo.svg
    </svg>
    <div
      class="hero_caption"
    >
      <h1
        class="hero_caption_title"
      >
        BE GOOD 
        <br />
         TO YOURSELF
      </h1>
      <p
        class="hero_caption_description"
      >
        We’re working around the clock to bring you a holistic approach to your wellness. From top to bottom, inside and out.
      </p>
      <button
        class="button hero_caption_button button_rounded button_shadow button_themedAlt"
      >
        TAKE THE QUIZ
      </button>
    </div>
  </header>
  <main
    role="main"
  >
    <section
      class="services"
    >
      <header
        class="services_header"
      >
        <h2
          class="services_header_title"
        >
          What we can help with
        </h2>
      </header>
      <div
        class="services_list"
      >
        <div
          class="services_list_item"
        >
          <img
            alt="Hair loss needn’t be irreversible. We can help!"
            class="services_list_item_image"
            src="hair-photo.png"
            srcset="hair-photo@2x.png, hair-photo@3x.png"
          />
          <article
            class="services_list_item_caption"
          >
            <h6
              class="services_list_item_caption_tagLine"
            >
              HAIR LOSS
            </h6>
            <h3
              class="services_list_item_caption_title"
            >
              Hair loss needn’t be irreversible. We can help!
            </h3>
            <p
              class="services_list_item_caption_description"
            >
              Hair loss needn’t be irreversible. There’s a scientifically proven way that’s most effective in keeping and regrowing your hair. It’s all to do with blocking a pesky hormone called DHT. That’s the bad guy behind hair loss. And you can keep him at bay. The choice is yours.
            </p>
          </article>
        </div>
        <div
          class="services_list_item"
        >
          <img
            alt="Erections can be a tricky thing. But no need to feel down!"
            class="services_list_item_image"
            src="sex-photo.png"
            srcset="sex-photo@2x.png, sex-photo@3x.png"
          />
          <article
            class="services_list_item_caption"
          >
            <h6
              class="services_list_item_caption_tagLine"
            >
              Erectile Dysfunction
            </h6>
            <h3
              class="services_list_item_caption_title"
            >
              Erections can be a tricky thing. But no need to feel down!
            </h3>
            <p
              class="services_list_item_caption_description"
            >
              There are plenty of reasons why you might be having difficulty in the erection department. We can help you figure out possible reasons why. And prescribe a pill if needed.
            </p>
          </article>
        </div>
      </div>
    </section>
  </main>
  <footer
    class="footer"
  >
    <section
      class="footer_main"
    >
      <svg
        class="footer_main_logo"
      >
        manual-logo.svg
      </svg>
      <nav
        class="footer_main_nav"
      >
        <div
          class="footer_main_nav_group"
        >
          <header
            class="footer_main_nav_group_header"
          >
            <h5
              class="footer_main_nav_group_header_title"
            >
              PRODUCT
            </h5>
          </header>
          <ul
            class="footer_main_nav_group_list"
          >
            <li
              class="footer_main_nav_group_list_item"
            >
              <a
                href="/"
              >
                Popular
              </a>
            </li>
            <li
              class="footer_main_nav_group_list_item"
            >
              <a
                href="/"
              >
                Trending
              </a>
            </li>
            <li
              class="footer_main_nav_group_list_item"
            >
              <a
                href="/"
              >
                Guided
              </a>
            </li>
            <li
              class="footer_main_nav_group_list_item"
            >
              <a
                href="/"
              >
                Products
              </a>
            </li>
          </ul>
        </div>
        <div
          class="footer_main_nav_group"
        >
          <header
            class="footer_main_nav_group_header"
          >
            <h5
              class="footer_main_nav_group_header_title"
            >
              Company
            </h5>
          </header>
          <ul
            class="footer_main_nav_group_list"
          >
            <li
              class="footer_main_nav_group_list_item"
            >
              <a
                href="/"
              >
                Press Releases
              </a>
            </li>
            <li
              class="footer_main_nav_group_list_item"
            >
              <a
                href="/"
              >
                Mission
              </a>
            </li>
            <li
              class="footer_main_nav_group_list_item"
            >
              <a
                href="/"
              >
                Strategy
              </a>
            </li>
            <li
              class="footer_main_nav_group_list_item"
            >
              <a
                href="/"
              >
                About
              </a>
            </li>
          </ul>
        </div>
        <div
          class="footer_main_nav_group"
        >
          <header
            class="footer_main_nav_group_header"
          >
            <h5
              class="footer_main_nav_group_header_title"
            >
              INFO
            </h5>
          </header>
          <ul
            class="footer_main_nav_group_list"
          >
            <li
              class="footer_main_nav_group_list_item"
            >
              <a
                href="/"
              >
                Support
              </a>
            </li>
            <li
              class="footer_main_nav_group_list_item"
            >
              <a
                href="/"
              >
                Customer Service
              </a>
            </li>
            <li
              class="footer_main_nav_group_list_item"
            >
              <a
                href="/"
              >
                Get Started Guide
              </a>
            </li>
          </ul>
        </div>
        <div
          class="footer_main_nav_group"
        >
          <header
            class="footer_main_nav_group_header"
          >
            <h5
              class="footer_main_nav_group_header_title"
            >
              Follow us
            </h5>
          </header>
          <ul
            class="footer_main_nav_group_icons"
          >
            <li
              class="footer_main_nav_group_icons_icon"
            >
              <a
                href="/"
              >
                <svg>
                  facebook.svg
                </svg>
              </a>
            </li>
            <li
              class="footer_main_nav_group_icons_icon"
            >
              <a
                href="/"
              >
                <svg>
                  twitter.svg
                </svg>
              </a>
            </li>
            <li
              class="footer_main_nav_group_icons_icon"
            >
              <a
                href="/"
              >
                <svg>
                  linkedin.svg
                </svg>
              </a>
            </li>
          </ul>
        </div>
      </nav>
    </section>
    <div
      class="footer_sub"
    >
      <hr />
      <p
        class="footer_sub_credits"
      >
        © 2019 Manual. All rights reserved.
      </p>
    </div>
  </footer>
</DocumentFragment>
`;
