// Jest Snapshot v1, https://goo.gl/fbAQLP

exports[`quiz modal renders properly 1`] = `
<div
  id="modal"
>
  <div>
    <div
      aria-label="Quiz modal"
      class="modal quizModal modal_cover"
      role="dialog"
    >
      <main
        class="modal_body"
      >
        <header
          class="quizModal_header"
        >
          <svg
            class="quizModal_header_logo"
          >
            manual-logo.svg
          </svg>
          <svg
            class="quizModal_header_closeIcon"
          >
            close.svg
          </svg>
        </header>
        <div
          class="quizModal_question"
        >
          <h4
            class="quizModal_question_label"
          >
            Question 1
          </h4>
          <h1
            class="quizModal_question_title"
          >
            Which image best matches your hair loss?
          </h1>
          <div
            class="quizModal_question_options"
            data-testid="options-list"
          >
            <div
              class="quizModal_question_options_item"
              data-testid="option"
            >
              <div
                class="quizModal_question_options_item_label"
              >
                <img
                  alt="Temples"
                  src="https://s3-eu-west-1.amazonaws.com/manualco/questions/temples-hairloss.png"
                  srcset="https://s3-eu-west-1.amazonaws.com/manualco/questions/temples-hairloss%402x.png 2x"
                />
              </div>
              <div
                class="quizModal_question_options_item_text"
              >
                Temples
              </div>
            </div>
            <div
              class="quizModal_question_options_item"
              data-testid="option"
            >
              <div
                class="quizModal_question_options_item_label"
              >
                <img
                  alt="Temples & Crown"
                  src="https://s3-eu-west-1.amazonaws.com/manualco/questions/templescrown-hairloss.png"
                  srcset="https://s3-eu-west-1.amazonaws.com/manualco/questions/templescrown-hairloss%402x.png 2x"
                />
              </div>
              <div
                class="quizModal_question_options_item_text"
              >
                Temples & Crown
              </div>
            </div>
            <div
              class="quizModal_question_options_item"
              data-testid="option"
            >
              <div
                class="quizModal_question_options_item_label"
              >
                <img
                  alt="Patchy"
                  src="https://s3-eu-west-1.amazonaws.com/manualco/questions/patchy-hairloss.png"
                  srcset="https://s3-eu-west-1.amazonaws.com/manualco/questions/patchy-hairloss%402x.png 2x"
                />
              </div>
              <div
                class="quizModal_question_options_item_text"
              >
                Patchy
              </div>
            </div>
            <div
              class="quizModal_question_options_item"
              data-testid="option"
            >
              <div
                class="quizModal_question_options_item_label"
              >
                <img
                  alt="Moderate"
                  src="https://s3-eu-west-1.amazonaws.com/manualco/questions/moderate-hairloss.png"
                  srcset="https://s3-eu-west-1.amazonaws.com/manualco/questions/moderate-hairloss%402x.png 2x"
                />
              </div>
              <div
                class="quizModal_question_options_item_text"
              >
                Moderate
              </div>
            </div>
            <div
              class="quizModal_question_options_item"
              data-testid="option"
            >
              <div
                class="quizModal_question_options_item_label"
              >
                <img
                  alt="Extensive"
                  src="https://s3-eu-west-1.amazonaws.com/manualco/questions/extensive-hairloss.png"
                  srcset="https://s3-eu-west-1.amazonaws.com/manualco/questions/extensive-hairloss%402x.png 2x"
                />
              </div>
              <div
                class="quizModal_question_options_item_text"
              >
                Extensive
              </div>
            </div>
            <div
              class="quizModal_question_options_item"
              data-testid="option"
            >
              <div
                class="quizModal_question_options_item_label"
              >
                <img
                  alt="Complete"
                  src="https://s3-eu-west-1.amazonaws.com/manualco/questions/complete-hairloss.png"
                  srcset="https://s3-eu-west-1.amazonaws.com/manualco/questions/complete-hairloss%402x.png 2x"
                />
              </div>
              <div
                class="quizModal_question_options_item_text"
              >
                Complete
              </div>
            </div>
          </div>
        </div>
        <div
          class="quizModal_question"
        >
          <h4
            class="quizModal_question_label"
          >
            Question 2
          </h4>
          <h1
            class="quizModal_question_title"
          >
            Have you ever been diagnosed with prostate cancer, or are you currently undergoing PSA/Prostate monitoring?
          </h1>
          <div
            class="quizModal_question_options"
            data-testid="options-list"
          >
            <div
              class="quizModal_question_options_item"
              data-testid="option"
            >
              <div
                class="quizModal_question_options_item_label"
              >
                Yes
              </div>
              <div
                class="quizModal_question_options_item_text"
              />
            </div>
            <div
              class="quizModal_question_options_item"
              data-testid="option"
            >
              <div
                class="quizModal_question_options_item_label"
              >
                No
              </div>
              <div
                class="quizModal_question_options_item_text"
              />
            </div>
          </div>
        </div>
        <div
          class="quizModal_question"
        >
          <h4
            class="quizModal_question_label"
          >
            Question 3
          </h4>
          <h1
            class="quizModal_question_title"
          >
            Have you ever been diagnosed with breast cancer or noticed any changes in  your breast tissue such as lumps, pain, nipple discharge or swelling?
          </h1>
          <div
            class="quizModal_question_options"
            data-testid="options-list"
          >
            <div
              class="quizModal_question_options_item"
              data-testid="option"
            >
              <div
                class="quizModal_question_options_item_label"
              >
                Yes
              </div>
              <div
                class="quizModal_question_options_item_text"
              />
            </div>
            <div
              class="quizModal_question_options_item"
              data-testid="option"
            >
              <div
                class="quizModal_question_options_item_label"
              >
                No
              </div>
              <div
                class="quizModal_question_options_item_text"
              />
            </div>
          </div>
        </div>
      </main>
    </div>
  </div>
</div>
`;
